[INFO] Delay 0 seconds before starting variant calling ...
[mpileup] 1 samples in 1 input files
Calling variants ...
Processed 20000 tensors
Total processed positions in chr21 (chunk 2/8) : 37123
Total time elapsed: 378.95 s
[INFO] Delay 0 seconds before starting variant calling ...
[mpileup] 1 samples in 1 input files
Calling variants ...
Processed 20000 tensors
Total processed positions in chr21 (chunk 3/8) : 39142
Total time elapsed: 387.43 s
[INFO] Delay 0 seconds before starting variant calling ...
[mpileup] 1 samples in 1 input files
Calling variants ...
Processed 20000 tensors
Processed 40000 tensors
Total processed positions in chr21 (chunk 1/8) : 41206
Total time elapsed: 432.08 s
[INFO] Delay 2 seconds before starting variant calling ...
[mpileup] 1 samples in 1 input files
Calling variants ...
Processed 20000 tensors
Total processed positions in chr21 (chunk 4/8) : 35591
Total time elapsed: 347.01 s
[INFO] Delay 2 seconds before starting variant calling ...
[mpileup] 1 samples in 1 input files
Calling variants ...
Processed 20000 tensors
Total processed positions in chr21 (chunk 5/8) : 36053
Total time elapsed: 361.47 s
[INFO] Delay 2 seconds before starting variant calling ...
[mpileup] 1 samples in 1 input files
Calling variants ...
Processed 20000 tensors
Total processed positions in chr21 (chunk 6/8) : 35875
Total time elapsed: 352.63 s
[INFO] Delay 4 seconds before starting variant calling ...
[mpileup] 1 samples in 1 input files
Calling variants ...
Total processed positions in chr21 (chunk 8/8) : 17274
Total time elapsed: 151.00 s
[INFO] Delay 4 seconds before starting variant calling ...
[mpileup] 1 samples in 1 input files
Calling variants ...
Processed 20000 tensors
Total processed positions in chr21 (chunk 7/8) : 36570
Total time elapsed: 299.59 s
