START chr2_ordinary_full 2026-09-04T12:42:19+05:00
START chr3_difficult_full 2026-09-04T12:42:19+05:00
START chr3_difficult_15x 2026-09-04T12:42:19+05:00
START chr5_stress_full 2026-09-04T12:42:19+05:00
START chr5_stress_15x 2026-09-04T12:42:19+05:00
START chr2_ordinary_15x 2026-09-04T12:42:19+05:00
START chr2_ordinary_30x 2026-09-04T12:42:19+05:00
START chr3_difficult_30x 2026-09-04T12:42:19+05:00
START chr5_stress_30x 2026-09-04T12:42:19+05:00
DONE chr3_difficult_15x rc=0 2026-09-04T13:16:56+05:00
DONE chr5_stress_15x rc=0 2026-09-04T13:19:24+05:00
DONE chr2_ordinary_15x rc=0 2026-09-04T13:19:36+05:00
DONE chr3_difficult_30x rc=0 2026-09-04T13:27:16+05:00
DONE chr5_stress_30x rc=0 2026-09-04T13:29:48+05:00
DONE chr2_ordinary_30x rc=0 2026-09-04T13:30:09+05:00
DONE chr3_difficult_full rc=0 2026-09-04T13:43:18+05:00
DONE chr5_stress_full rc=0 2026-09-04T13:47:27+05:00
DONE chr2_ordinary_full rc=0 2026-09-04T13:49:38+05:00
ALL EXTRACTED 2026-09-04T13:49:38+05:00
total 371672
-rw-r--r--. 1 mark mark 36614735 Sep  4 13:19 chr2_ordinary_15x.npz
-rw-r--r--. 1 mark mark 44692318 Sep  4 13:30 chr2_ordinary_30x.npz
-rw-r--r--. 1 mark mark 49865258 Sep  4 13:49 chr2_ordinary_full.npz
-rw-r--r--. 1 mark mark 33436886 Sep  4 13:16 chr3_difficult_15x.npz
-rw-r--r--. 1 mark mark 40749078 Sep  4 13:27 chr3_difficult_30x.npz
-rw-r--r--. 1 mark mark 45111077 Sep  4 13:43 chr3_difficult_full.npz
-rw-r--r--. 1 mark mark 36422841 Sep  4 13:19 chr5_stress_15x.npz
-rw-r--r--. 1 mark mark 44450352 Sep  4 13:29 chr5_stress_30x.npz
-rw-r--r--. 1 mark mark 49223355 Sep  4 13:47 chr5_stress_full.npz
