== normalize VCFs (sort, bgzip, tabix -- no bcftools norm, matching how DeepVariant/Clair3/GATK VCFs were consumed by hap.py per COMMANDS.md section 6) ==
Writing to /tmp/bcftools.0ebpmW
Merging 1 temporary files
Done
Cleaning
Writing to /tmp/bcftools.4pI5Up
Merging 1 temporary files
Done
Cleaning
== disk before pull ==
/dev/nvme0n1p6   94G   80G   12G  88% /home
0.3.15--py27hcb73b3d_0: Pulling from biocontainers/hap.py
4a39956f644e: Pulling fs layer
c1a16a04cedd: Pulling fs layer
4ca545ee6d5d: Pulling fs layer
4ca545ee6d5d: Download complete
c1a16a04cedd: Download complete
c1a16a04cedd: Pull complete
4ca545ee6d5d: Pull complete
4a39956f644e: Download complete
4a39956f644e: Pull complete
Digest: sha256:d63b963a6cb01b4830393b22369e7b91d298e4156dde353739e74e4cfa4f96d0
Status: Downloaded newer image for quay.io/biocontainers/hap.py:0.3.15--py27hcb73b3d_0
quay.io/biocontainers/hap.py:0.3.15--py27hcb73b3d_0
== disk after pull ==
/dev/nvme0n1p6   94G   81G   12G  88% /home
== running hap.py on ai_pb_only ==
2026-09-17 05:31:12,691 WARNING  No reference file found at default locations. You can set the environment variable 'HGREF' or 'HG19' to point to a suitable Fasta file.
[I] Total VCF records:         20715
[I] Non-reference VCF records: 20715
[I] Total VCF records:         16094
[I] Non-reference VCF records: 16094
Hap.py 
2026-09-17 05:31:14,216 WARNING  [W::bcf_hdr_register_hrec] The definition of Flag "INFO/IMPORT_FAIL" is invalid, forcing Number=0
2026-09-17 05:31:14,216 WARNING  [W::bcf_hdr_register_hrec] The definition of Flag "INFO/IMPORT_FAIL" is invalid, forcing Number=0
2026-09-17 05:31:14,216 WARNING  [W::bcf_hdr_register_hrec] The definition of Flag "INFO/IMPORT_FAIL" is invalid, forcing Number=0
2026-09-17 05:31:14,220 WARNING  [W::bcf_hdr_register_hrec] The definition of Flag "INFO/IMPORT_FAIL" is invalid, forcing Number=0
2026-09-17 05:31:14,222 WARNING  [W::bcf_hdr_register_hrec] The definition of Flag "INFO/IMPORT_FAIL" is invalid, forcing Number=0
2026-09-17 05:31:14,222 WARNING  [W::bcf_hdr_register_hrec] The definition of Flag "INFO/IMPORT_FAIL" is invalid, forcing Number=0
2026-09-17 05:31:14,238 WARNING  [W::bcf_hdr_register_hrec] The definition of Flag "INFO/IMPORT_FAIL" is invalid, forcing Number=0
2026-09-17 05:31:14,239 WARNING  [W::bcf_hdr_register_hrec] The definition of Flag "INFO/IMPORT_FAIL" is invalid, forcing Number=0
2026-09-17 05:31:14,239 WARNING  [W::bcf_hdr_register_hrec] The definition of Flag "INFO/IMPORT_FAIL" is invalid, forcing Number=0
2026-09-17 05:31:14,243 WARNING  [W::bcf_hdr_register_hrec] The definition of Flag "INFO/IMPORT_FAIL" is invalid, forcing Number=0
2026-09-17 05:31:14,244 WARNING  [W::bcf_hdr_register_hrec] The definition of Flag "INFO/IMPORT_FAIL" is invalid, forcing Number=0
2026-09-17 05:31:14,244 WARNING  [W::bcf_hdr_register_hrec] The definition of Flag "INFO/IMPORT_FAIL" is invalid, forcing Number=0
2026-09-17 05:31:14,246 WARNING  [W::bcf_hdr_register_hrec] The definition of Flag "INFO/IMPORT_FAIL" is invalid, forcing Number=0
2026-09-17 05:31:14,247 WARNING  [W::bcf_hdr_register_hrec] The definition of Flag "INFO/IMPORT_FAIL" is invalid, forcing Number=0
2026-09-17 05:31:14,247 WARNING  [W::bcf_hdr_register_hrec] The definition of Flag "INFO/IMPORT_FAIL" is invalid, forcing Number=0
2026-09-17 05:31:14,259 WARNING  [W::bcf_hdr_register_hrec] The definition of Flag "INFO/IMPORT_FAIL" is invalid, forcing Number=0
2026-09-17 05:31:14,260 WARNING  [W::bcf_hdr_register_hrec] The definition of Flag "INFO/IMPORT_FAIL" is invalid, forcing Number=0
2026-09-17 05:31:14,260 WARNING  [W::bcf_hdr_register_hrec] The definition of Flag "INFO/IMPORT_FAIL" is invalid, forcing Number=0
2026-09-17 05:31:14,267 WARNING  [W::bcf_hdr_register_hrec] The definition of Flag "INFO/IMPORT_FAIL" is invalid, forcing Number=0
2026-09-17 05:31:14,270 WARNING  [W::bcf_hdr_register_hrec] The definition of Flag "INFO/IMPORT_FAIL" is invalid, forcing Number=0
2026-09-17 05:31:14,271 WARNING  [W::bcf_hdr_register_hrec] The definition of Flag "INFO/IMPORT_FAIL" is invalid, forcing Number=0
2026-09-17 05:31:14,307 WARNING  [W::bcf_hdr_register_hrec] The definition of Flag "INFO/IMPORT_FAIL" is invalid, forcing Number=0
2026-09-17 05:31:14,308 WARNING  [W::bcf_hdr_register_hrec] The definition of Flag "INFO/IMPORT_FAIL" is invalid, forcing Number=0
2026-09-17 05:31:14,308 WARNING  [W::bcf_hdr_register_hrec] The definition of Flag "INFO/IMPORT_FAIL" is invalid, forcing Number=0
2026-09-17 05:31:14,410 WARNING  [W::bcf_hdr_register_hrec] The definition of Flag "INFO/IMPORT_FAIL" is invalid, forcing Number=0
2026-09-17 05:31:14,419 WARNING  [W::bcf_hdr_register_hrec] The definition of Flag "INFO/IMPORT_FAIL" is invalid, forcing Number=0
2026-09-17 05:31:14,421 WARNING  [W::bcf_hdr_register_hrec] The definition of Flag "INFO/IMPORT_FAIL" is invalid, forcing Number=0
2026-09-17 05:31:14,425 WARNING  [W::bcf_hdr_register_hrec] The definition of Flag "INFO/IMPORT_FAIL" is invalid, forcing Number=0
2026-09-17 05:31:14,425 WARNING  [W::bcf_hdr_register_hrec] The definition of Flag "INFO/IMPORT_FAIL" is invalid, forcing Number=0
2026-09-17 05:31:14,426 WARNING  [W::bcf_hdr_register_hrec] The definition of Flag "INFO/IMPORT_FAIL" is invalid, forcing Number=0
2026-09-17 05:31:14,432 WARNING  [W::bcf_hdr_register_hrec] The definition of Flag "INFO/IMPORT_FAIL" is invalid, forcing Number=0
2026-09-17 05:31:14,432 WARNING  [W::bcf_hdr_register_hrec] The definition of Flag "INFO/IMPORT_FAIL" is invalid, forcing Number=0
2026-09-17 05:31:14,433 WARNING  [W::bcf_hdr_register_hrec] The definition of Flag "INFO/IMPORT_FAIL" is invalid, forcing Number=0
2026-09-17 05:31:14,445 WARNING  [W::bcf_hdr_register_hrec] The definition of Flag "INFO/IMPORT_FAIL" is invalid, forcing Number=0
2026-09-17 05:31:14,446 WARNING  [W::bcf_hdr_register_hrec] The definition of Flag "INFO/IMPORT_FAIL" is invalid, forcing Number=0
2026-09-17 05:31:14,446 WARNING  [W::bcf_hdr_register_hrec] The definition of Flag "INFO/IMPORT_FAIL" is invalid, forcing Number=0
2026-09-17 05:31:14,452 WARNING  [W::bcf_hdr_register_hrec] The definition of Flag "INFO/IMPORT_FAIL" is invalid, forcing Number=0
2026-09-17 05:31:14,452 WARNING  [W::bcf_hdr_register_hrec] The definition of Flag "INFO/IMPORT_FAIL" is invalid, forcing Number=0
2026-09-17 05:31:14,452 WARNING  [W::bcf_hdr_register_hrec] The definition of Flag "INFO/IMPORT_FAIL" is invalid, forcing Number=0
2026-09-17 05:31:14,452 WARNING  [W::bcf_hdr_register_hrec] The definition of Flag "INFO/IMPORT_FAIL" is invalid, forcing Number=0
2026-09-17 05:31:14,453 WARNING  [W::bcf_hdr_register_hrec] The definition of Flag "INFO/IMPORT_FAIL" is invalid, forcing Number=0
2026-09-17 05:31:14,453 WARNING  [W::bcf_hdr_register_hrec] The definition of Flag "INFO/IMPORT_FAIL" is invalid, forcing Number=0
2026-09-17 05:31:14,460 WARNING  [W::bcf_hdr_register_hrec] The definition of Flag "INFO/IMPORT_FAIL" is invalid, forcing Number=0
2026-09-17 05:31:14,460 WARNING  [W::bcf_hdr_register_hrec] The definition of Flag "INFO/IMPORT_FAIL" is invalid, forcing Number=0
2026-09-17 05:31:14,460 WARNING  [W::bcf_hdr_register_hrec] The definition of Flag "INFO/IMPORT_FAIL" is invalid, forcing Number=0
2026-09-17 05:31:15,122 WARNING  [W::bcf_hdr_register_hrec] The definition of Flag "INFO/IMPORT_FAIL" is invalid, forcing Number=0
2026-09-17 05:31:15,414 WARNING  [W::bcf_hdr_register_hrec] The definition of Flag "INFO/IMPORT_FAIL" is invalid, forcing Number=0
2026-09-17 05:31:15,414 WARNING  [W::bcf_hdr_register_hrec] The definition of Flag "INFO/IMPORT_FAIL" is invalid, forcing Number=0
2026-09-17 05:31:15,415 WARNING  [W::bcf_hdr_register_hrec] The definition of Flag "INFO/IMPORT_FAIL" is invalid, forcing Number=0
2026-09-17 05:31:15,415 WARNING  [W::bcf_hdr_register_hrec] The definition of Flag "INFO/IMPORT_FAIL" is invalid, forcing Number=0
2026-09-17 05:31:15,415 WARNING  [W::bcf_hdr_register_hrec] The definition of Flag "INFO/IMPORT_FAIL" is invalid, forcing Number=0
2026-09-17 05:31:15,439 WARNING  [W::bcf_hdr_register_hrec] The definition of Flag "INFO/IMPORT_FAIL" is invalid, forcing Number=0
2026-09-17 05:31:15,440 WARNING  [W::bcf_hdr_register_hrec] The definition of Flag "INFO/IMPORT_FAIL" is invalid, forcing Number=0
2026-09-17 05:31:15,440 WARNING  [W::bcf_hdr_register_hrec] The definition of Flag "INFO/IMPORT_FAIL" is invalid, forcing Number=0
2026-09-17 05:31:15,440 WARNING  [W::bcf_hdr_register_hrec] The definition of Flag "INFO/IMPORT_FAIL" is invalid, forcing Number=0
2026-09-17 05:31:15,440 WARNING  [W::bcf_hdr_register_hrec] The definition of Flag "INFO/IMPORT_FAIL" is invalid, forcing Number=0
2026-09-17 05:31:15,444 WARNING  [W::bcf_hdr_register_hrec] The definition of Flag "INFO/IMPORT_FAIL" is invalid, forcing Number=0
2026-09-17 05:31:15,444 WARNING  [W::bcf_hdr_register_hrec] The definition of Flag "INFO/IMPORT_FAIL" is invalid, forcing Number=0
2026-09-17 05:31:15,445 WARNING  [W::bcf_hdr_register_hrec] The definition of Flag "INFO/IMPORT_FAIL" is invalid, forcing Number=0
2026-09-17 05:31:15,445 WARNING  [W::bcf_hdr_register_hrec] The definition of Flag "INFO/IMPORT_FAIL" is invalid, forcing Number=0
2026-09-17 05:31:15,445 WARNING  [W::bcf_hdr_register_hrec] The definition of Flag "INFO/IMPORT_FAIL" is invalid, forcing Number=0
2026-09-17 05:31:15,454 WARNING  [W::bcf_hdr_register_hrec] The definition of Flag "INFO/IMPORT_FAIL" is invalid, forcing Number=0
2026-09-17 05:31:15,454 WARNING  [W::bcf_hdr_register_hrec] The definition of Flag "INFO/IMPORT_FAIL" is invalid, forcing Number=0
2026-09-17 05:31:15,454 WARNING  [W::bcf_hdr_register_hrec] The definition of Flag "INFO/IMPORT_FAIL" is invalid, forcing Number=0
2026-09-17 05:31:15,454 WARNING  [W::bcf_hdr_register_hrec] The definition of Flag "INFO/IMPORT_FAIL" is invalid, forcing Number=0
2026-09-17 05:31:15,454 WARNING  [W::bcf_hdr_register_hrec] The definition of Flag "INFO/IMPORT_FAIL" is invalid, forcing Number=0
2026-09-17 05:31:15,481 WARNING  [W::bcf_hdr_register_hrec] The definition of Flag "INFO/IMPORT_FAIL" is invalid, forcing Number=0
2026-09-17 05:31:15,481 WARNING  [W::bcf_hdr_register_hrec] The definition of Flag "INFO/IMPORT_FAIL" is invalid, forcing Number=0
2026-09-17 05:31:15,481 WARNING  [W::bcf_hdr_register_hrec] The definition of Flag "INFO/IMPORT_FAIL" is invalid, forcing Number=0
2026-09-17 05:31:15,481 WARNING  [W::bcf_hdr_register_hrec] The definition of Flag "INFO/IMPORT_FAIL" is invalid, forcing Number=0
2026-09-17 05:31:15,481 WARNING  [W::bcf_hdr_register_hrec] The definition of Flag "INFO/IMPORT_FAIL" is invalid, forcing Number=0
2026-09-17 05:31:15,493 WARNING  [W::bcf_hdr_register_hrec] The definition of Flag "INFO/IMPORT_FAIL" is invalid, forcing Number=0
2026-09-17 05:31:15,494 WARNING  [W::bcf_hdr_register_hrec] The definition of Flag "INFO/IMPORT_FAIL" is invalid, forcing Number=0
2026-09-17 05:31:15,494 WARNING  [W::bcf_hdr_register_hrec] The definition of Flag "INFO/IMPORT_FAIL" is invalid, forcing Number=0
2026-09-17 05:31:15,495 WARNING  [W::bcf_hdr_register_hrec] The definition of Flag "INFO/IMPORT_FAIL" is invalid, forcing Number=0
2026-09-17 05:31:15,495 WARNING  [W::bcf_hdr_register_hrec] The definition of Flag "INFO/IMPORT_FAIL" is invalid, forcing Number=0
2026-09-17 05:31:15,541 WARNING  [W::bcf_hdr_register_hrec] The definition of Flag "INFO/IMPORT_FAIL" is invalid, forcing Number=0
2026-09-17 05:31:15,541 WARNING  [W::bcf_hdr_register_hrec] The definition of Flag "INFO/IMPORT_FAIL" is invalid, forcing Number=0
2026-09-17 05:31:15,541 WARNING  [W::bcf_hdr_register_hrec] The definition of Flag "INFO/IMPORT_FAIL" is invalid, forcing Number=0
2026-09-17 05:31:15,541 WARNING  [W::bcf_hdr_register_hrec] The definition of Flag "INFO/IMPORT_FAIL" is invalid, forcing Number=0
2026-09-17 05:31:15,541 WARNING  [W::bcf_hdr_register_hrec] The definition of Flag "INFO/IMPORT_FAIL" is invalid, forcing Number=0
2026-09-17 05:31:15,622 WARNING  [W::bcf_hdr_register_hrec] The definition of Flag "INFO/IMPORT_FAIL" is invalid, forcing Number=0
2026-09-17 05:31:15,622 WARNING  [W::bcf_hdr_register_hrec] The definition of Flag "INFO/IMPORT_FAIL" is invalid, forcing Number=0
2026-09-17 05:31:15,622 WARNING  [W::bcf_hdr_register_hrec] The definition of Flag "INFO/IMPORT_FAIL" is invalid, forcing Number=0
2026-09-17 05:31:15,622 WARNING  [W::bcf_hdr_register_hrec] The definition of Flag "INFO/IMPORT_FAIL" is invalid, forcing Number=0
2026-09-17 05:31:15,622 WARNING  [W::bcf_hdr_register_hrec] The definition of Flag "INFO/IMPORT_FAIL" is invalid, forcing Number=0
Benchmarking Summary:
  Type Filter  TRUTH.TOTAL  TRUTH.TP  TRUTH.FN  QUERY.TOTAL  QUERY.FP  QUERY.UNK  FP.gt  FP.al  METRIC.Recall  METRIC.Precision  METRIC.Frac_NA  METRIC.F1_Score  TRUTH.TOTAL.TiTv_ratio  QUERY.TOTAL.TiTv_ratio  TRUTH.TOTAL.het_hom_ratio  QUERY.TOTAL.het_hom_ratio
 INDEL    ALL         2852         0      2852            0         0          0      0      0       0.000000          0.000000             0.0              NaN                     NaN                     NaN                   1.469181                        NaN
 INDEL   PASS         2852         0      2852            0         0          0      0      0       0.000000          0.000000             0.0              NaN                     NaN                     NaN                   1.469181                        NaN
   SNP    ALL        16898     10290      6608        16094      5804          0   5630     29       0.608948          0.639369             0.0         0.623788                2.342366                 2.31016                   1.924875                        NaN
   SNP   PASS        16898     10290      6608        16094      5804          0   5630     29       0.608948          0.639369             0.0         0.623788                2.342366                 2.31016                   1.924875                        NaN

real	0m6.244s
user	0m0.017s
sys	0m0.019s
== running hap.py on ai_cascade ==
2026-09-17 05:31:18,758 WARNING  No reference file found at default locations. You can set the environment variable 'HGREF' or 'HG19' to point to a suitable Fasta file.
[I] Total VCF records:         20715
[I] Non-reference VCF records: 20715
[I] Total VCF records:         16097
[I] Non-reference VCF records: 16097
Hap.py 
2026-09-17 05:31:20,265 WARNING  [W::bcf_hdr_register_hrec] The definition of Flag "INFO/IMPORT_FAIL" is invalid, forcing Number=0
2026-09-17 05:31:20,266 WARNING  [W::bcf_hdr_register_hrec] The definition of Flag "INFO/IMPORT_FAIL" is invalid, forcing Number=0
2026-09-17 05:31:20,266 WARNING  [W::bcf_hdr_register_hrec] The definition of Flag "INFO/IMPORT_FAIL" is invalid, forcing Number=0
2026-09-17 05:31:20,282 WARNING  [W::bcf_hdr_register_hrec] The definition of Flag "INFO/IMPORT_FAIL" is invalid, forcing Number=0
2026-09-17 05:31:20,283 WARNING  [W::bcf_hdr_register_hrec] The definition of Flag "INFO/IMPORT_FAIL" is invalid, forcing Number=0
2026-09-17 05:31:20,283 WARNING  [W::bcf_hdr_register_hrec] The definition of Flag "INFO/IMPORT_FAIL" is invalid, forcing Number=0
2026-09-17 05:31:20,283 WARNING  [W::bcf_hdr_register_hrec] The definition of Flag "INFO/IMPORT_FAIL" is invalid, forcing Number=0
2026-09-17 05:31:20,284 WARNING  [W::bcf_hdr_register_hrec] The definition of Flag "INFO/IMPORT_FAIL" is invalid, forcing Number=0
2026-09-17 05:31:20,284 WARNING  [W::bcf_hdr_register_hrec] The definition of Flag "INFO/IMPORT_FAIL" is invalid, forcing Number=0
2026-09-17 05:31:20,300 WARNING  [W::bcf_hdr_register_hrec] The definition of Flag "INFO/IMPORT_FAIL" is invalid, forcing Number=0
2026-09-17 05:31:20,300 WARNING  [W::bcf_hdr_register_hrec] The definition of Flag "INFO/IMPORT_FAIL" is invalid, forcing Number=0
2026-09-17 05:31:20,300 WARNING  [W::bcf_hdr_register_hrec] The definition of Flag "INFO/IMPORT_FAIL" is invalid, forcing Number=0
2026-09-17 05:31:20,302 WARNING  [W::bcf_hdr_register_hrec] The definition of Flag "INFO/IMPORT_FAIL" is invalid, forcing Number=0
2026-09-17 05:31:20,303 WARNING  [W::bcf_hdr_register_hrec] The definition of Flag "INFO/IMPORT_FAIL" is invalid, forcing Number=0
2026-09-17 05:31:20,303 WARNING  [W::bcf_hdr_register_hrec] The definition of Flag "INFO/IMPORT_FAIL" is invalid, forcing Number=0
2026-09-17 05:31:20,343 WARNING  [W::bcf_hdr_register_hrec] The definition of Flag "INFO/IMPORT_FAIL" is invalid, forcing Number=0
2026-09-17 05:31:20,344 WARNING  [W::bcf_hdr_register_hrec] The definition of Flag "INFO/IMPORT_FAIL" is invalid, forcing Number=0
2026-09-17 05:31:20,344 WARNING  [W::bcf_hdr_register_hrec] The definition of Flag "INFO/IMPORT_FAIL" is invalid, forcing Number=0
2026-09-17 05:31:20,355 WARNING  [W::bcf_hdr_register_hrec] The definition of Flag "INFO/IMPORT_FAIL" is invalid, forcing Number=0
2026-09-17 05:31:20,357 WARNING  [W::bcf_hdr_register_hrec] The definition of Flag "INFO/IMPORT_FAIL" is invalid, forcing Number=0
2026-09-17 05:31:20,357 WARNING  [W::bcf_hdr_register_hrec] The definition of Flag "INFO/IMPORT_FAIL" is invalid, forcing Number=0
2026-09-17 05:31:20,421 WARNING  [W::bcf_hdr_register_hrec] The definition of Flag "INFO/IMPORT_FAIL" is invalid, forcing Number=0
2026-09-17 05:31:20,422 WARNING  [W::bcf_hdr_register_hrec] The definition of Flag "INFO/IMPORT_FAIL" is invalid, forcing Number=0
2026-09-17 05:31:20,422 WARNING  [W::bcf_hdr_register_hrec] The definition of Flag "INFO/IMPORT_FAIL" is invalid, forcing Number=0
2026-09-17 05:31:20,479 WARNING  [W::bcf_hdr_register_hrec] The definition of Flag "INFO/IMPORT_FAIL" is invalid, forcing Number=0
2026-09-17 05:31:20,479 WARNING  [W::bcf_hdr_register_hrec] The definition of Flag "INFO/IMPORT_FAIL" is invalid, forcing Number=0
2026-09-17 05:31:20,479 WARNING  [W::bcf_hdr_register_hrec] The definition of Flag "INFO/IMPORT_FAIL" is invalid, forcing Number=0
2026-09-17 05:31:20,482 WARNING  [W::bcf_hdr_register_hrec] The definition of Flag "INFO/IMPORT_FAIL" is invalid, forcing Number=0
2026-09-17 05:31:20,482 WARNING  [W::bcf_hdr_register_hrec] The definition of Flag "INFO/IMPORT_FAIL" is invalid, forcing Number=0
2026-09-17 05:31:20,482 WARNING  [W::bcf_hdr_register_hrec] The definition of Flag "INFO/IMPORT_FAIL" is invalid, forcing Number=0
2026-09-17 05:31:20,482 WARNING  [W::bcf_hdr_register_hrec] The definition of Flag "INFO/IMPORT_FAIL" is invalid, forcing Number=0
2026-09-17 05:31:20,483 WARNING  [W::bcf_hdr_register_hrec] The definition of Flag "INFO/IMPORT_FAIL" is invalid, forcing Number=0
2026-09-17 05:31:20,483 WARNING  [W::bcf_hdr_register_hrec] The definition of Flag "INFO/IMPORT_FAIL" is invalid, forcing Number=0
2026-09-17 05:31:20,517 WARNING  [W::bcf_hdr_register_hrec] The definition of Flag "INFO/IMPORT_FAIL" is invalid, forcing Number=0
2026-09-17 05:31:20,517 WARNING  [W::bcf_hdr_register_hrec] The definition of Flag "INFO/IMPORT_FAIL" is invalid, forcing Number=0
2026-09-17 05:31:20,518 WARNING  [W::bcf_hdr_register_hrec] The definition of Flag "INFO/IMPORT_FAIL" is invalid, forcing Number=0
2026-09-17 05:31:20,523 WARNING  [W::bcf_hdr_register_hrec] The definition of Flag "INFO/IMPORT_FAIL" is invalid, forcing Number=0
2026-09-17 05:31:20,524 WARNING  [W::bcf_hdr_register_hrec] The definition of Flag "INFO/IMPORT_FAIL" is invalid, forcing Number=0
2026-09-17 05:31:20,524 WARNING  [W::bcf_hdr_register_hrec] The definition of Flag "INFO/IMPORT_FAIL" is invalid, forcing Number=0
2026-09-17 05:31:20,529 WARNING  [W::bcf_hdr_register_hrec] The definition of Flag "INFO/IMPORT_FAIL" is invalid, forcing Number=0
2026-09-17 05:31:20,529 WARNING  [W::bcf_hdr_register_hrec] The definition of Flag "INFO/IMPORT_FAIL" is invalid, forcing Number=0
2026-09-17 05:31:20,529 WARNING  [W::bcf_hdr_register_hrec] The definition of Flag "INFO/IMPORT_FAIL" is invalid, forcing Number=0
2026-09-17 05:31:20,545 WARNING  [W::bcf_hdr_register_hrec] The definition of Flag "INFO/IMPORT_FAIL" is invalid, forcing Number=0
2026-09-17 05:31:20,545 WARNING  [W::bcf_hdr_register_hrec] The definition of Flag "INFO/IMPORT_FAIL" is invalid, forcing Number=0
2026-09-17 05:31:20,546 WARNING  [W::bcf_hdr_register_hrec] The definition of Flag "INFO/IMPORT_FAIL" is invalid, forcing Number=0
2026-09-17 05:31:21,204 WARNING  [W::bcf_hdr_register_hrec] The definition of Flag "INFO/IMPORT_FAIL" is invalid, forcing Number=0
2026-09-17 05:31:21,500 WARNING  [W::bcf_hdr_register_hrec] The definition of Flag "INFO/IMPORT_FAIL" is invalid, forcing Number=0
2026-09-17 05:31:21,500 WARNING  [W::bcf_hdr_register_hrec] The definition of Flag "INFO/IMPORT_FAIL" is invalid, forcing Number=0
2026-09-17 05:31:21,500 WARNING  [W::bcf_hdr_register_hrec] The definition of Flag "INFO/IMPORT_FAIL" is invalid, forcing Number=0
2026-09-17 05:31:21,500 WARNING  [W::bcf_hdr_register_hrec] The definition of Flag "INFO/IMPORT_FAIL" is invalid, forcing Number=0
2026-09-17 05:31:21,500 WARNING  [W::bcf_hdr_register_hrec] The definition of Flag "INFO/IMPORT_FAIL" is invalid, forcing Number=0
2026-09-17 05:31:21,523 WARNING  [W::bcf_hdr_register_hrec] The definition of Flag "INFO/IMPORT_FAIL" is invalid, forcing Number=0
2026-09-17 05:31:21,523 WARNING  [W::bcf_hdr_register_hrec] The definition of Flag "INFO/IMPORT_FAIL" is invalid, forcing Number=0
2026-09-17 05:31:21,523 WARNING  [W::bcf_hdr_register_hrec] The definition of Flag "INFO/IMPORT_FAIL" is invalid, forcing Number=0
2026-09-17 05:31:21,523 WARNING  [W::bcf_hdr_register_hrec] The definition of Flag "INFO/IMPORT_FAIL" is invalid, forcing Number=0
2026-09-17 05:31:21,523 WARNING  [W::bcf_hdr_register_hrec] The definition of Flag "INFO/IMPORT_FAIL" is invalid, forcing Number=0
2026-09-17 05:31:21,527 WARNING  [W::bcf_hdr_register_hrec] The definition of Flag "INFO/IMPORT_FAIL" is invalid, forcing Number=0
2026-09-17 05:31:21,527 WARNING  [W::bcf_hdr_register_hrec] The definition of Flag "INFO/IMPORT_FAIL" is invalid, forcing Number=0
2026-09-17 05:31:21,527 WARNING  [W::bcf_hdr_register_hrec] The definition of Flag "INFO/IMPORT_FAIL" is invalid, forcing Number=0
2026-09-17 05:31:21,527 WARNING  [W::bcf_hdr_register_hrec] The definition of Flag "INFO/IMPORT_FAIL" is invalid, forcing Number=0
2026-09-17 05:31:21,528 WARNING  [W::bcf_hdr_register_hrec] The definition of Flag "INFO/IMPORT_FAIL" is invalid, forcing Number=0
2026-09-17 05:31:21,527 WARNING  [W::bcf_hdr_register_hrec] The definition of Flag "INFO/IMPORT_FAIL" is invalid, forcing Number=0
2026-09-17 05:31:21,528 WARNING  [W::bcf_hdr_register_hrec] The definition of Flag "INFO/IMPORT_FAIL" is invalid, forcing Number=0
2026-09-17 05:31:21,528 WARNING  [W::bcf_hdr_register_hrec] The definition of Flag "INFO/IMPORT_FAIL" is invalid, forcing Number=0
2026-09-17 05:31:21,528 WARNING  [W::bcf_hdr_register_hrec] The definition of Flag "INFO/IMPORT_FAIL" is invalid, forcing Number=0
2026-09-17 05:31:21,528 WARNING  [W::bcf_hdr_register_hrec] The definition of Flag "INFO/IMPORT_FAIL" is invalid, forcing Number=0
2026-09-17 05:31:21,533 WARNING  [W::bcf_hdr_register_hrec] The definition of Flag "INFO/IMPORT_FAIL" is invalid, forcing Number=0
2026-09-17 05:31:21,533 WARNING  [W::bcf_hdr_register_hrec] The definition of Flag "INFO/IMPORT_FAIL" is invalid, forcing Number=0
2026-09-17 05:31:21,533 WARNING  [W::bcf_hdr_register_hrec] The definition of Flag "INFO/IMPORT_FAIL" is invalid, forcing Number=0
2026-09-17 05:31:21,533 WARNING  [W::bcf_hdr_register_hrec] The definition of Flag "INFO/IMPORT_FAIL" is invalid, forcing Number=0
2026-09-17 05:31:21,533 WARNING  [W::bcf_hdr_register_hrec] The definition of Flag "INFO/IMPORT_FAIL" is invalid, forcing Number=0
2026-09-17 05:31:21,557 WARNING  [W::bcf_hdr_register_hrec] The definition of Flag "INFO/IMPORT_FAIL" is invalid, forcing Number=0
2026-09-17 05:31:21,557 WARNING  [W::bcf_hdr_register_hrec] The definition of Flag "INFO/IMPORT_FAIL" is invalid, forcing Number=0
2026-09-17 05:31:21,557 WARNING  [W::bcf_hdr_register_hrec] The definition of Flag "INFO/IMPORT_FAIL" is invalid, forcing Number=0
2026-09-17 05:31:21,558 WARNING  [W::bcf_hdr_register_hrec] The definition of Flag "INFO/IMPORT_FAIL" is invalid, forcing Number=0
2026-09-17 05:31:21,558 WARNING  [W::bcf_hdr_register_hrec] The definition of Flag "INFO/IMPORT_FAIL" is invalid, forcing Number=0
2026-09-17 05:31:21,608 WARNING  [W::bcf_hdr_register_hrec] The definition of Flag "INFO/IMPORT_FAIL" is invalid, forcing Number=0
2026-09-17 05:31:21,608 WARNING  [W::bcf_hdr_register_hrec] The definition of Flag "INFO/IMPORT_FAIL" is invalid, forcing Number=0
2026-09-17 05:31:21,609 WARNING  [W::bcf_hdr_register_hrec] The definition of Flag "INFO/IMPORT_FAIL" is invalid, forcing Number=0
2026-09-17 05:31:21,609 WARNING  [W::bcf_hdr_register_hrec] The definition of Flag "INFO/IMPORT_FAIL" is invalid, forcing Number=0
2026-09-17 05:31:21,609 WARNING  [W::bcf_hdr_register_hrec] The definition of Flag "INFO/IMPORT_FAIL" is invalid, forcing Number=0
2026-09-17 05:31:21,745 WARNING  [W::bcf_hdr_register_hrec] The definition of Flag "INFO/IMPORT_FAIL" is invalid, forcing Number=0
2026-09-17 05:31:21,745 WARNING  [W::bcf_hdr_register_hrec] The definition of Flag "INFO/IMPORT_FAIL" is invalid, forcing Number=0
2026-09-17 05:31:21,746 WARNING  [W::bcf_hdr_register_hrec] The definition of Flag "INFO/IMPORT_FAIL" is invalid, forcing Number=0
2026-09-17 05:31:21,746 WARNING  [W::bcf_hdr_register_hrec] The definition of Flag "INFO/IMPORT_FAIL" is invalid, forcing Number=0
2026-09-17 05:31:21,746 WARNING  [W::bcf_hdr_register_hrec] The definition of Flag "INFO/IMPORT_FAIL" is invalid, forcing Number=0
Benchmarking Summary:
  Type Filter  TRUTH.TOTAL  TRUTH.TP  TRUTH.FN  QUERY.TOTAL  QUERY.FP  QUERY.UNK  FP.gt  FP.al  METRIC.Recall  METRIC.Precision  METRIC.Frac_NA  METRIC.F1_Score  TRUTH.TOTAL.TiTv_ratio  QUERY.TOTAL.TiTv_ratio  TRUTH.TOTAL.het_hom_ratio  QUERY.TOTAL.het_hom_ratio
 INDEL    ALL         2852         0      2852            0         0          0      0      0       0.000000           0.00000             0.0              NaN                     NaN                     NaN                   1.469181                        NaN
 INDEL   PASS         2852         0      2852            0         0          0      0      0       0.000000           0.00000             0.0              NaN                     NaN                     NaN                   1.469181                        NaN
   SNP    ALL        16898     10290      6608        16097      5807          0   5631     30       0.608948           0.63925             0.0         0.623731                2.342366                2.309416                   1.924875                        NaN
   SNP   PASS        16898     10290      6608        16097      5807          0   5631     30       0.608948           0.63925             0.0         0.623731                2.342366                2.309416                   1.924875                        NaN

real	0m6.223s
user	0m0.016s
sys	0m0.019s
== checksum outputs ==
0cac4459b5ce12524cec58d7160c25465cf758448b9260acd6ec2321edfe83af  happy/ai_pb_only/happy.extended.csv
d0f4c011fc08ee34b47db0a7ab036e89f132de43c8086faf78c346e772b5b4de  happy/ai_pb_only/happy.summary.csv
b6c31302f3d46c931177feb7d70c2c7e6cc449993958f51e4bc02437b4d68138  happy/ai_cascade/happy.extended.csv
aea3533624e262fb8d5c02aaeaa3e5a10170376a0b3ebc5e9624509981f95b88  happy/ai_cascade/happy.summary.csv
== cleanup docker image per sequential disk protocol ==
Untagged: quay.io/biocontainers/hap.py:0.3.15--py27hcb73b3d_0
Deleted: sha256:d63b963a6cb01b4830393b22369e7b91d298e4156dde353739e74e4cfa4f96d0
== disk after cleanup ==
/dev/nvme0n1p6   94G   80G   12G  88% /home
